metal1		NET		11		0
metal1		SPNET		11		0
metal1		PIN		11		0
metal1		LEFPIN		11		0
metal1		FILL		11		0
metal1		FILLOPC		11		0
metal1		VIA		11		0
metal1		VIAFILL		11		0
metal1		VIAFILLOPC		11		0
metal1		LEFOBS		11		0
NAME		metal1/NET		11		1
NAME		metal1/SPNET		11		2
NAME		metal1/PIN		11		3
NAME		metal1/LEFPIN		11		4
via1		PIN		12		0
via1		LEFPIN		12		0
via1		FILL		12		0
via1		FILLOPC		12		0
via1		VIA		12		0
via1		VIAFILL		12		0
via1		VIAFILLOPC	12		0
metal2		NET		13		0
metal2		SPNET		13		0
metal2		PIN		13		0
metal2		LEFPIN		13		0
metal2		FILL		13		0
metal2		FILLOPC		13		0
metal2		VIA		13		0
metal2		VIAFILL		13		0
metal2		VIAFILLOPC		13		0
metal2		LEFOBS		13		0
NAME		metal2/NET		13		1
NAME		metal2/SPNET		13		2
NAME		metal2/PIN		13		3
NAME		metal2/LEFPIN		13		4
via2		PIN		14		0
via2		LEFPIN		14		0
via2		FILL		14		0
via2		FILLOPC		14		0
via2		VIA		14		0
via2		VIAFILL		14		0
via2		VIAFILLOPC		14		0
metal3		NET		15		0
metal3		SPNET		15		0
metal3		PIN		15		0
metal3		LEFPIN		15		0
metal3		FILL		15		0
metal3		FILLOPC		15		0
metal3		VIA		15		0
metal3		VIAFILL		15		0
metal3		VIAFILLOPC		15		0
metal3		LEFOBS		15		0
NAME		metal3/NET		15		1
NAME		metal3/SPNET		15		2
NAME		metal3/PIN		15		3
NAME		metal3/LEFPIN		15		4
via3		PIN		16		0
via3		LEFPIN		16		0
via3		FILL		16		0
via3		FILLOPC		16		0
via3		VIA		16		0
via3		VIAFILL		16		0
via3		VIAFILLOPC		16		0
metal4		NET		17		0
metal4		SPNET		17		0
metal4		PIN		17		0
metal4		LEFPIN		17		0
metal4		FILL		17		0
metal4		FILLOPC		17		0
metal4		VIA		17		0
metal4		VIAFILL		17		0
metal4		VIAFILLOPC		17		0
metal4		LEFOBS		17		0
NAME		metal4/NET		17		1
NAME		metal4/SPNET		17		2
NAME		metal4/PIN		17		3
NAME		metal4/LEFPIN		17		4
via4		PIN		18		0
via4		LEFPIN		18		0
via4		FILL		18		0
via4		FILLOPC		18		0
via4		VIA		18		0
via4		VIAFILL		18		0
via4		VIAFILLOPC		18		0
metal5		NET		19		0
metal5		SPNET		19		0
metal5		PIN		19		0
metal5		LEFPIN		19		0
metal5		FILL		19		0
metal5		FILLOPC		19		0
metal5		VIA		19		0
metal5		VIAFILL		19		0
metal5		VIAFILLOPC		19		0
metal5		LEFOBS		19		0
NAME		metal5/NET		19		1
NAME		metal5/SPNET		19		2
NAME		metal5/PIN		19		3
NAME		metal5/LEFPIN		19		4
via5		PIN		20		0
via5		LEFPIN		20		0
via5		FILL		20		0
via5		FILLOPC		20		0
via5		VIA		20		0
via5		VIAFILL		20		0
via5		VIAFILLOPC		21		0
metal6		NET		21		0
metal6		SPNET		21		0
metal6		PIN		21		0
metal6		LEFPIN		21		0
metal6		FILL		21		0
metal6		FILLOPC		21		0
metal6		VIA		21		0
metal6		VIAFILL		21		0
metal6		VIAFILLOPC		21		0
metal6		LEFOBS		21		0
NAME		metal6/NET		21		1
NAME		metal6/SPNET		21		2
NAME		metal6/PIN		21		3
NAME		metal6/LEFPIN		21		4
via6		PIN		22		0
via6		LEFPIN		22		0
via6		FILL		22		0
via6		FILLOPC		22		0
via6		VIA		22		0
via6		VIAFILL		22		0
via6		VIAFILLOPC		22		0
metal7		NET		23		0
metal7		SPNET		23		0
metal7		PIN		23		0
metal7		LEFPIN		23		0
metal7		FILL		23		0
metal7		FILLOPC		23		0
metal7		VIA		23		0
metal7		VIAFILL		23		0
metal7		VIAFILLOPC		23		0
metal7		LEFOBS		23		0
NAME		metal7/NET		23		1
NAME		metal7/SPNET		23		2
NAME		metal7/PIN		23		3
NAME		metal7/LEFPIN		23		4
via7		PIN		24		0
via7		LEFPIN		24		0
via7		FILL		24		0
via7		FILLOPC		24		0
via7		VIA		24		0
via7		VIAFILL		24		0
via7		VIAFILLOPC		24		0
metal8		NET		25		0
metal8		SPNET		25		0
metal8		PIN		25		0
metal8		LEFPIN		25		0
metal8		FILL		25		0
metal8		FILLOPC		25		0
metal8		VIA		25		0
metal8		VIAFILL		25		0
metal8		VIAFILLOPC		25		0
metal8		LEFOBS		25		0
NAME		metal8/NET		25		1
NAME		metal8/SPNET		25		2
NAME		metal8/PIN		25		3
NAME		metal8/LEFPIN		25		4
via8		PIN		26		0
via8		LEFPIN		26		0
via8		FILL		26		0
via8		FILLOPC		26		0
via8		VIA		26		0
via8		VIAFILL		26		0
via8		VIAFILLOPC		26		0
metal9		NET		27		0
metal9		SPNET		27		0
metal9		PIN		27		0
metal9		LEFPIN		27		0
metal9		FILL		27		0
metal9		FILLOPC		27		0
metal9		VIA		27		0
metal9		VIAFILL		27		0
metal9		VIAFILLOPC		27		0
metal9		LEFOBS		27		0
NAME		metal9/NET	27	1
NAME		metal9/SPNET		27		2
NAME		metal9/PIN		27		3
NAME		metal9/LEFPIN		27		4
via9		PIN		28		0
via9		LEFPIN		28		0
via9		FILL		28		0
via9		FILLOPC		28		0
via9		VIA		28		0
via9		VIAFILL		28		0
via9		VIAFILLOPC		28		0
metal10		NET		29		0
metal10		SPNET		29		0
metal10		PIN		29		0
metal10		LEFPIN		29		0
metal10		FILL		29		0
metal10		FILLOPC		29		0
metal10		VIA		29		0
metal10		VIAFILL		29		0
metal10		VIAFILLOPC		29		0
metal10		LEFOBS		29		0
NAME		metal10/NET		29		1
NAME		metal10/SPNET		29		2
NAME		metal10/PIN		29		3
NAME		metal10/LEFPIN		29		0
NAME		COMP		30		0
COMP		ALL		31		0
DIEAREA		ALL		32		0
